---
source: crates/biome_js_analyze/tests/spec_tests.rs
expression: valid.jsx
---
# Input
```jsx
<div style={{ color: "red" }}>Hello, world!</div>;

<div style={{ color: "red", "background-color": "green" }}>Hello, world!</div>;

<div style={{ color: "red", "background-color": "green" }}>Hello, world!</div>;

<div style={{ "-webkit-align-content": "center" }}>Hello, world!</div>;

<div style={{ "font-size": "10px" }}>Hello, world!</div>;

<div style={{ "font-size": "0" }}>Hello, world!</div>;

<div style={{ "font-size": 0 }}>Hello, world!</div>;

<div STYLE={{ fontSize: 10 }}>Hello, world!</div>;

<div style={{ "flex-grow": 1 }}>Hello, world!</div>;

<div style={{ "--custom-width": 1 }}>Hello, world!</div>;

```
